// Jest Snapshot v1, https://goo.gl/fbAQLP

exports[`PokemonListItem Component should render properly 1`] = `
.c3 {
  image-rendering: pixelated;
}

.c0 {
  display: -webkit-box;
  display: -webkit-flex;
  display: -ms-flexbox;
  display: flex;
  -webkit-flex-direction: row;
  -ms-flex-direction: row;
  flex-direction: row;
  border: 2px solid black;
  cursor: pointer;
}

.c1 {
  font-size: 20px;
  padding: 10px;
}

.c2 {
  display: -webkit-box;
  display: -webkit-flex;
  display: -ms-flexbox;
  display: flex;
  -webkit-align-items: center;
  -webkit-box-align: center;
  -ms-flex-align: center;
  align-items: center;
}

.c4 {
  font-size: 16px;
  text-align: center;
  text-transform: capitalize;
  margin-left: 10px;
}

<div>
  <li
    class="c0"
  >
    <p
      class="c1"
    >
       
      #1
    </p>
    <div
      class="c2"
    >
      <img
        class="c3"
        src="https://raw.githubusercontent.com/PokeAPI/sprites/master/sprites/pokemon/1.png"
      />
      <p
        class="c4"
      >
        bulbasaur
      </p>
    </div>
  </li>
</div>
`;
