// Jest Snapshot v1, https://goo.gl/fbAQLP

exports[`PokemonImage Component should render properly 1`] = `
.c0 {
  image-rendering: pixelated;
}

<div>
  <img
    class="c0"
    src="https://raw.githubusercontent.com/PokeAPI/sprites/master/sprites/pokemon/1.png"
  />
</div>
`;
