// Jest Snapshot v1, https://goo.gl/fbAQLP

exports[`PokemonStatsDisplayer Component should render properly 1`] = `
.c0 {
  display: -webkit-box;
  display: -webkit-flex;
  display: -ms-flexbox;
  display: flex;
  -webkit-flex-direction: column;
  -ms-flex-direction: column;
  flex-direction: column;
  -webkit-align-items: center;
  -webkit-box-align: center;
  -ms-flex-align: center;
  align-items: center;
  -webkit-box-flex: 1;
  -webkit-flex-grow: 1;
  -ms-flex-positive: 1;
  flex-grow: 1;
  background-color: #A5CD53;
  padding: 15px 20px;
  border-radius: 3px;
  margin: 5px;
  border: inset #9aa28b 3px;
}

.c1 {
  margin: 5px 0px;
  font-weight: bold;
  text-transform: capitalize;
}

<div>
  <div
    class="c0"
  >
    <p
      class="c1"
    >
      speed.............70
    </p>
  </div>
</div>
`;
